[2026-05-08T06:40:18.417+0000] {local_task_job_runner.py:120} INFO - ::group::Pre task execution logs
[2026-05-08T06:40:18.536+0000] {taskinstance.py:2076} INFO - Dependencies all met for dep_context=non-requeueable deps ti=<TaskInstance: smart_city_traffic_batch_dag.generate_last24_peak_report manual__2026-05-08T06:35:06.933051+00:00 [queued]>
[2026-05-08T06:40:18.554+0000] {taskinstance.py:2076} INFO - Dependencies all met for dep_context=requeueable deps ti=<TaskInstance: smart_city_traffic_batch_dag.generate_last24_peak_report manual__2026-05-08T06:35:06.933051+00:00 [queued]>
[2026-05-08T06:40:18.557+0000] {taskinstance.py:2306} INFO - Starting attempt 2 of 2
[2026-05-08T06:40:18.594+0000] {taskinstance.py:2330} INFO - Executing <Task(PythonOperator): generate_last24_peak_report> on 2026-05-08 06:35:06.933051+00:00
[2026-05-08T06:40:18.632+0000] {standard_task_runner.py:90} INFO - Running: ['airflow', 'tasks', 'run', 'smart_city_traffic_batch_dag', 'generate_last24_peak_report', 'manual__2026-05-08T06:35:06.933051+00:00', '--job-id', '80', '--raw', '--subdir', 'DAGS_FOLDER/smart_city_traffic_batch_dag.py', '--cfg-path', '/tmp/tmpxau50iu_']
[2026-05-08T06:40:18.640+0000] {standard_task_runner.py:91} INFO - Job 80: Subtask generate_last24_peak_report
[2026-05-08T06:40:18.647+0000] {logging_mixin.py:188} WARNING - /home/airflow/.local/lib/python3.12/site-packages/airflow/task/task_runner/standard_task_runner.py:62 DeprecationWarning: This process (pid=388) is multi-threaded, use of fork() may lead to deadlocks in the child.
[2026-05-08T06:40:18.648+0000] {standard_task_runner.py:64} INFO - Started process 390 to run task
[2026-05-08T06:40:18.782+0000] {task_command.py:426} INFO - Running <TaskInstance: smart_city_traffic_batch_dag.generate_last24_peak_report manual__2026-05-08T06:35:06.933051+00:00 [running]> on host 8d00c01da26d
[2026-05-08T06:40:18.982+0000] {taskinstance.py:2648} INFO - Exporting env vars: AIRFLOW_CTX_DAG_OWNER='visal' AIRFLOW_CTX_DAG_ID='smart_city_traffic_batch_dag' AIRFLOW_CTX_TASK_ID='generate_last24_peak_report' AIRFLOW_CTX_EXECUTION_DATE='2026-05-08T06:35:06.933051+00:00' AIRFLOW_CTX_TRY_NUMBER='2' AIRFLOW_CTX_DAG_RUN_ID='manual__2026-05-08T06:35:06.933051+00:00'
[2026-05-08T06:40:18.985+0000] {taskinstance.py:430} INFO - ::endgroup::
[2026-05-08T06:40:19.082+0000] {logging_mixin.py:188} WARNING - /opt/airflow/dags/smart_city_traffic_batch_dag.py:61 UserWarning: pandas only supports SQLAlchemy connectable (engine/connection) or database string URI or sqlite3 DBAPI2 connection. Other DBAPI2 objects are not tested. Please consider using SQLAlchemy.
[2026-05-08T06:40:19.088+0000] {taskinstance.py:441} INFO - ::group::Post task execution logs
[2026-05-08T06:40:19.090+0000] {taskinstance.py:2905} ERROR - Task failed with exception
Traceback (most recent call last):
  File "/home/airflow/.local/lib/python3.12/site-packages/pandas/io/sql.py", line 2262, in execute
    cur.execute(sql, *args)
psycopg2.errors.UndefinedTable: relation "traffic_readings" does not exist
LINE 6:         FROM traffic_readings
                     ^


The above exception was the direct cause of the following exception:

Traceback (most recent call last):
  File "/home/airflow/.local/lib/python3.12/site-packages/airflow/models/taskinstance.py", line 465, in _execute_task
    result = _execute_callable(context=context, **execute_callable_kwargs)
             ^^^^^^^^^^^^^^^^^^^^^^^^^^^^^^^^^^^^^^^^^^^^^^^^^^^^^^^^^^^^^
  File "/home/airflow/.local/lib/python3.12/site-packages/airflow/models/taskinstance.py", line 432, in _execute_callable
    return execute_callable(context=context, **execute_callable_kwargs)
           ^^^^^^^^^^^^^^^^^^^^^^^^^^^^^^^^^^^^^^^^^^^^^^^^^^^^^^^^^^^^
  File "/home/airflow/.local/lib/python3.12/site-packages/airflow/models/baseoperator.py", line 401, in wrapper
    return func(self, *args, **kwargs)
           ^^^^^^^^^^^^^^^^^^^^^^^^^^^
  File "/home/airflow/.local/lib/python3.12/site-packages/airflow/operators/python.py", line 235, in execute
    return_value = self.execute_callable()
                   ^^^^^^^^^^^^^^^^^^^^^^^
  File "/home/airflow/.local/lib/python3.12/site-packages/airflow/operators/python.py", line 252, in execute_callable
    return self.python_callable(*self.op_args, **self.op_kwargs)
           ^^^^^^^^^^^^^^^^^^^^^^^^^^^^^^^^^^^^^^^^^^^^^^^^^^^^^
  File "/opt/airflow/dags/smart_city_traffic_batch_dag.py", line 61, in generate_last24_peak_report
    df = pd.read_sql(
         ^^^^^^^^^^^^
  File "/home/airflow/.local/lib/python3.12/site-packages/pandas/io/sql.py", line 654, in read_sql
    return pandas_sql.read_query(
           ^^^^^^^^^^^^^^^^^^^^^^
  File "/home/airflow/.local/lib/python3.12/site-packages/pandas/io/sql.py", line 2326, in read_query
    cursor = self.execute(sql, params)
             ^^^^^^^^^^^^^^^^^^^^^^^^^
  File "/home/airflow/.local/lib/python3.12/site-packages/pandas/io/sql.py", line 2274, in execute
    raise ex from exc
pandas.errors.DatabaseError: Execution failed on sql '
        SELECT
          sensor_id,
          date_trunc('hour', to_timestamp("timestamp")) AS hour,
          SUM(vehicle_count) AS total_vehicles
        FROM traffic_readings
        WHERE to_timestamp("timestamp") >= NOW() - interval '24 hours'
        GROUP BY sensor_id, hour
        ORDER BY sensor_id, hour;
        ': relation "traffic_readings" does not exist
LINE 6:         FROM traffic_readings
                     ^

[2026-05-08T06:40:19.134+0000] {taskinstance.py:1206} INFO - Marking task as FAILED. dag_id=smart_city_traffic_batch_dag, task_id=generate_last24_peak_report, run_id=manual__2026-05-08T06:35:06.933051+00:00, execution_date=20260508T063506, start_date=20260508T064018, end_date=20260508T064019
[2026-05-08T06:40:20.645+0000] {standard_task_runner.py:110} ERROR - Failed to execute job 80 for task generate_last24_peak_report (Execution failed on sql '
        SELECT
          sensor_id,
          date_trunc('hour', to_timestamp("timestamp")) AS hour,
          SUM(vehicle_count) AS total_vehicles
        FROM traffic_readings
        WHERE to_timestamp("timestamp") >= NOW() - interval '24 hours'
        GROUP BY sensor_id, hour
        ORDER BY sensor_id, hour;
        ': relation "traffic_readings" does not exist
LINE 6:         FROM traffic_readings
                     ^
; 390)
[2026-05-08T06:40:20.720+0000] {local_task_job_runner.py:243} INFO - Task exited with return code 1
[2026-05-08T06:40:20.758+0000] {taskinstance.py:3503} INFO - 0 downstream tasks scheduled from follow-on schedule check
[2026-05-08T06:40:20.765+0000] {local_task_job_runner.py:222} INFO - ::endgroup::
