[2026-01-25T06:09:49.108+0000] {local_task_job_runner.py:120} INFO - ::group::Pre task execution logs
[2026-01-25T06:09:49.431+0000] {taskinstance.py:2076} INFO - Dependencies all met for dep_context=non-requeueable deps ti=<TaskInstance: smart_city_traffic_batch_dag.ensure_report_table manual__2025-12-04T08:01:51.390766+00:00 [queued]>
[2026-01-25T06:09:49.474+0000] {taskinstance.py:2076} INFO - Dependencies all met for dep_context=requeueable deps ti=<TaskInstance: smart_city_traffic_batch_dag.ensure_report_table manual__2025-12-04T08:01:51.390766+00:00 [queued]>
[2026-01-25T06:09:49.478+0000] {taskinstance.py:2306} INFO - Starting attempt 1 of 2
[2026-01-25T06:09:49.538+0000] {taskinstance.py:2330} INFO - Executing <Task(PythonOperator): ensure_report_table> on 2025-12-04 08:01:51.390766+00:00
[2026-01-25T06:09:50.122+0000] {standard_task_runner.py:90} INFO - Running: ['airflow', 'tasks', 'run', 'smart_city_traffic_batch_dag', 'ensure_report_table', 'manual__2025-12-04T08:01:51.390766+00:00', '--job-id', '10', '--raw', '--subdir', 'DAGS_FOLDER/smart_city_traffic_batch_dag.py', '--cfg-path', '/tmp/tmpf9kx9_sp']
[2026-01-25T06:09:50.188+0000] {standard_task_runner.py:91} INFO - Job 10: Subtask ensure_report_table
[2026-01-25T06:09:50.211+0000] {logging_mixin.py:188} WARNING - /home/airflow/.local/lib/python3.12/site-packages/airflow/task/task_runner/standard_task_runner.py:62 DeprecationWarning: This process (pid=176) is multi-threaded, use of fork() may lead to deadlocks in the child.
[2026-01-25T06:09:50.191+0000] {standard_task_runner.py:64} INFO - Started process 202 to run task
[2026-01-25T06:09:51.324+0000] {task_command.py:426} INFO - Running <TaskInstance: smart_city_traffic_batch_dag.ensure_report_table manual__2025-12-04T08:01:51.390766+00:00 [running]> on host c9ef2fa36395
[2026-01-25T06:09:52.514+0000] {taskinstance.py:2648} INFO - Exporting env vars: AIRFLOW_CTX_DAG_OWNER='visal' AIRFLOW_CTX_DAG_ID='smart_city_traffic_batch_dag' AIRFLOW_CTX_TASK_ID='ensure_report_table' AIRFLOW_CTX_EXECUTION_DATE='2025-12-04T08:01:51.390766+00:00' AIRFLOW_CTX_TRY_NUMBER='1' AIRFLOW_CTX_DAG_RUN_ID='manual__2025-12-04T08:01:51.390766+00:00'
[2026-01-25T06:09:52.644+0000] {taskinstance.py:430} INFO - ::endgroup::
[2026-01-25T06:10:08.462+0000] {taskinstance.py:441} INFO - ::group::Post task execution logs
[2026-01-25T06:10:08.466+0000] {taskinstance.py:2905} ERROR - Task failed with exception
Traceback (most recent call last):
  File "/home/airflow/.local/lib/python3.12/site-packages/airflow/models/taskinstance.py", line 465, in _execute_task
    result = _execute_callable(context=context, **execute_callable_kwargs)
             ^^^^^^^^^^^^^^^^^^^^^^^^^^^^^^^^^^^^^^^^^^^^^^^^^^^^^^^^^^^^^
  File "/home/airflow/.local/lib/python3.12/site-packages/airflow/models/taskinstance.py", line 432, in _execute_callable
    return execute_callable(context=context, **execute_callable_kwargs)
           ^^^^^^^^^^^^^^^^^^^^^^^^^^^^^^^^^^^^^^^^^^^^^^^^^^^^^^^^^^^^
  File "/home/airflow/.local/lib/python3.12/site-packages/airflow/models/baseoperator.py", line 401, in wrapper
    return func(self, *args, **kwargs)
           ^^^^^^^^^^^^^^^^^^^^^^^^^^^
  File "/home/airflow/.local/lib/python3.12/site-packages/airflow/operators/python.py", line 235, in execute
    return_value = self.execute_callable()
                   ^^^^^^^^^^^^^^^^^^^^^^^
  File "/home/airflow/.local/lib/python3.12/site-packages/airflow/operators/python.py", line 252, in execute_callable
    return self.python_callable(*self.op_args, **self.op_kwargs)
           ^^^^^^^^^^^^^^^^^^^^^^^^^^^^^^^^^^^^^^^^^^^^^^^^^^^^^
  File "/opt/airflow/dags/smart_city_traffic_batch_dag.py", line 30, in ensure_report_table
    cur.execute("""
psycopg2.errors.UniqueViolation: duplicate key value violates unique constraint "pg_type_typname_nsp_index"
DETAIL:  Key (typname, typnamespace)=(daily_peak_hour_report, 2200) already exists.

[2026-01-25T06:10:08.632+0000] {taskinstance.py:1206} INFO - Marking task as UP_FOR_RETRY. dag_id=smart_city_traffic_batch_dag, task_id=ensure_report_table, run_id=manual__2025-12-04T08:01:51.390766+00:00, execution_date=20251204T080151, start_date=20260125T060949, end_date=20260125T061008
[2026-01-25T06:10:08.710+0000] {standard_task_runner.py:110} ERROR - Failed to execute job 10 for task ensure_report_table (duplicate key value violates unique constraint "pg_type_typname_nsp_index"
DETAIL:  Key (typname, typnamespace)=(daily_peak_hour_report, 2200) already exists.
; 202)
[2026-01-25T06:10:09.634+0000] {local_task_job_runner.py:243} INFO - Task exited with return code 1
[2026-01-25T06:10:09.890+0000] {taskinstance.py:3503} INFO - 0 downstream tasks scheduled from follow-on schedule check
[2026-01-25T06:10:09.901+0000] {local_task_job_runner.py:222} INFO - ::endgroup::
