[2026-01-25T06:20:38.112+0000] {local_task_job_runner.py:120} INFO - ::group::Pre task execution logs
[2026-01-25T06:20:38.391+0000] {taskinstance.py:2076} INFO - Dependencies all met for dep_context=non-requeueable deps ti=<TaskInstance: smart_city_traffic_batch_dag.generate_daily_peak_report manual__2026-01-25T05:56:15.697216+00:00 [queued]>
[2026-01-25T06:20:38.518+0000] {taskinstance.py:2076} INFO - Dependencies all met for dep_context=requeueable deps ti=<TaskInstance: smart_city_traffic_batch_dag.generate_daily_peak_report manual__2026-01-25T05:56:15.697216+00:00 [queued]>
[2026-01-25T06:20:38.523+0000] {taskinstance.py:2306} INFO - Starting attempt 2 of 2
[2026-01-25T06:20:38.617+0000] {taskinstance.py:2330} INFO - Executing <Task(PythonOperator): generate_daily_peak_report> on 2026-01-25 05:56:15.697216+00:00
[2026-01-25T06:20:38.872+0000] {standard_task_runner.py:90} INFO - Running: ['airflow', 'tasks', 'run', 'smart_city_traffic_batch_dag', 'generate_daily_peak_report', 'manual__2026-01-25T05:56:15.697216+00:00', '--job-id', '35', '--raw', '--subdir', 'DAGS_FOLDER/smart_city_traffic_batch_dag.py', '--cfg-path', '/tmp/tmpc1udef6y']
[2026-01-25T06:20:38.889+0000] {logging_mixin.py:188} WARNING - /home/airflow/.local/lib/python3.12/site-packages/airflow/task/task_runner/standard_task_runner.py:62 DeprecationWarning: This process (pid=350) is multi-threaded, use of fork() may lead to deadlocks in the child.
[2026-01-25T06:20:38.890+0000] {standard_task_runner.py:91} INFO - Job 35: Subtask generate_daily_peak_report
[2026-01-25T06:20:38.896+0000] {standard_task_runner.py:64} INFO - Started process 368 to run task
[2026-01-25T06:20:39.265+0000] {task_command.py:426} INFO - Running <TaskInstance: smart_city_traffic_batch_dag.generate_daily_peak_report manual__2026-01-25T05:56:15.697216+00:00 [running]> on host c9ef2fa36395
[2026-01-25T06:20:39.817+0000] {taskinstance.py:2648} INFO - Exporting env vars: AIRFLOW_CTX_DAG_OWNER='visal' AIRFLOW_CTX_DAG_ID='smart_city_traffic_batch_dag' AIRFLOW_CTX_TASK_ID='generate_daily_peak_report' AIRFLOW_CTX_EXECUTION_DATE='2026-01-25T05:56:15.697216+00:00' AIRFLOW_CTX_TRY_NUMBER='2' AIRFLOW_CTX_DAG_RUN_ID='manual__2026-01-25T05:56:15.697216+00:00'
[2026-01-25T06:20:39.835+0000] {taskinstance.py:430} INFO - ::endgroup::
[2026-01-25T06:20:40.134+0000] {logging_mixin.py:188} WARNING - /opt/airflow/dags/smart_city_traffic_batch_dag.py:58 UserWarning: pandas only supports SQLAlchemy connectable (engine/connection) or database string URI or sqlite3 DBAPI2 connection. Other DBAPI2 objects are not tested. Please consider using SQLAlchemy.
[2026-01-25T06:20:40.151+0000] {taskinstance.py:441} INFO - ::group::Post task execution logs
[2026-01-25T06:20:40.158+0000] {taskinstance.py:2905} ERROR - Task failed with exception
Traceback (most recent call last):
  File "/home/airflow/.local/lib/python3.12/site-packages/pandas/io/sql.py", line 2262, in execute
    cur.execute(sql, *args)
psycopg2.errors.UndefinedTable: relation "traffic_readings" does not exist
LINE 6:         FROM traffic_readings
                     ^


The above exception was the direct cause of the following exception:

Traceback (most recent call last):
  File "/home/airflow/.local/lib/python3.12/site-packages/airflow/models/taskinstance.py", line 465, in _execute_task
    result = _execute_callable(context=context, **execute_callable_kwargs)
             ^^^^^^^^^^^^^^^^^^^^^^^^^^^^^^^^^^^^^^^^^^^^^^^^^^^^^^^^^^^^^
  File "/home/airflow/.local/lib/python3.12/site-packages/airflow/models/taskinstance.py", line 432, in _execute_callable
    return execute_callable(context=context, **execute_callable_kwargs)
           ^^^^^^^^^^^^^^^^^^^^^^^^^^^^^^^^^^^^^^^^^^^^^^^^^^^^^^^^^^^^
  File "/home/airflow/.local/lib/python3.12/site-packages/airflow/models/baseoperator.py", line 401, in wrapper
    return func(self, *args, **kwargs)
           ^^^^^^^^^^^^^^^^^^^^^^^^^^^
  File "/home/airflow/.local/lib/python3.12/site-packages/airflow/operators/python.py", line 235, in execute
    return_value = self.execute_callable()
                   ^^^^^^^^^^^^^^^^^^^^^^^
  File "/home/airflow/.local/lib/python3.12/site-packages/airflow/operators/python.py", line 252, in execute_callable
    return self.python_callable(*self.op_args, **self.op_kwargs)
           ^^^^^^^^^^^^^^^^^^^^^^^^^^^^^^^^^^^^^^^^^^^^^^^^^^^^^
  File "/opt/airflow/dags/smart_city_traffic_batch_dag.py", line 58, in generate_daily_peak_report
    df = pd.read_sql(
         ^^^^^^^^^^^^
  File "/home/airflow/.local/lib/python3.12/site-packages/pandas/io/sql.py", line 654, in read_sql
    return pandas_sql.read_query(
           ^^^^^^^^^^^^^^^^^^^^^^
  File "/home/airflow/.local/lib/python3.12/site-packages/pandas/io/sql.py", line 2326, in read_query
    cursor = self.execute(sql, params)
             ^^^^^^^^^^^^^^^^^^^^^^^^^
  File "/home/airflow/.local/lib/python3.12/site-packages/pandas/io/sql.py", line 2274, in execute
    raise ex from exc
pandas.errors.DatabaseError: Execution failed on sql '
        SELECT
          sensor_id,
          date_trunc('hour', "timestamp") AS hour,
          SUM(vehicle_count) AS total_vehicles
        FROM traffic_readings
        WHERE "timestamp"::date = %s
        GROUP BY sensor_id, hour
        ORDER BY sensor_id, hour;
        ': relation "traffic_readings" does not exist
LINE 6:         FROM traffic_readings
                     ^

[2026-01-25T06:20:40.255+0000] {taskinstance.py:1206} INFO - Marking task as FAILED. dag_id=smart_city_traffic_batch_dag, task_id=generate_daily_peak_report, run_id=manual__2026-01-25T05:56:15.697216+00:00, execution_date=20260125T055615, start_date=20260125T062038, end_date=20260125T062040
[2026-01-25T06:20:40.326+0000] {standard_task_runner.py:110} ERROR - Failed to execute job 35 for task generate_daily_peak_report (Execution failed on sql '
        SELECT
          sensor_id,
          date_trunc('hour', "timestamp") AS hour,
          SUM(vehicle_count) AS total_vehicles
        FROM traffic_readings
        WHERE "timestamp"::date = %s
        GROUP BY sensor_id, hour
        ORDER BY sensor_id, hour;
        ': relation "traffic_readings" does not exist
LINE 6:         FROM traffic_readings
                     ^
; 368)
[2026-01-25T06:20:40.526+0000] {local_task_job_runner.py:243} INFO - Task exited with return code 1
[2026-01-25T06:20:40.706+0000] {taskinstance.py:3503} INFO - 0 downstream tasks scheduled from follow-on schedule check
[2026-01-25T06:20:40.722+0000] {local_task_job_runner.py:222} INFO - ::endgroup::
